module.path = "test/src/ForEachKeyItem.vue";
"use strict";
Object.defineProperty(exports, "__esModule", { value: true });
exports.MyComponent = void 0;
const Valdi_1 = require("valdi_core/src/Valdi");
// @Component
class MyComponent extends Valdi_1.LegacyVueComponent {
    constructor() {
        super(...arguments);
        this.idUsedOnCreate = '';
    }
    onCreate() {
        this.idUsedOnCreate = this.viewModel.id;
    }
}
exports.MyComponent = MyComponent;

MyComponent.componentPath = "ComponentClass@test/src/ForEachKeyItem.vue.generated";
