module.path = "test/src/LayoutNodes.vue.generated";
"use strict";
Object.defineProperty(exports, "__esModule", { value: true });
exports.ComponentClass = void 0;
const Valdi_1 = require("valdi_core/src/Valdi");
const JSX = require("valdi_core/src/JSX");
const renderer = JSX.jsx;
const CSSModule_1 = require("valdi_core/src/CSSModule");
const __cssDocument = (0, CSSModule_1.getNativeModule)('test/src/LayoutNodes.vue.valdicss');
const __nodeLayoutNodes = renderer.makeNodePrototype('view', [
    'cssDocument', __cssDocument,
    'tag', 'LayoutNodes'
]);
const __nodeLayout = renderer.makeNodePrototype('layout', [
    'cssDocument', __cssDocument,
    'marginBottom', 30,
    'marginLeft', 10,
    'marginTop', 20,
    'tag', 'Layout'
]);
const __nodeLayout2 = renderer.makeNodePrototype('layout', [
    'cssDocument', __cssDocument,
    'padding', 2,
    'tag', 'Layout'
]);
const __nodeView = renderer.makeNodePrototype('view', [
    'cssDocument', __cssDocument,
    'id', 'outer',
    'tag', 'View'
]);
const __nodeLabel = renderer.makeNodePrototype('label', [
    'cssDocument', __cssDocument,
    'height', 10,
    'id', 'inner',
    'marginLeft', 4,
    'marginRight', 4,
    'tag', 'Label',
    'width', 10
]);
const __nodeView2 = renderer.makeNodePrototype('view', [
    'cssDocument', __cssDocument,
    'height', 5,
    'id', 'lonely',
    'tag', 'View',
    'width', 5
]);
const __nodeLayout3 = renderer.makeNodePrototype('layout', [
    'cssDocument', __cssDocument,
    'padding', 4,
    'tag', 'Layout'
]);
const __nodeLabel2 = renderer.makeNodePrototype('label', [
    'cssDocument', __cssDocument,
    'height', 10,
    'id', 'innerLayout',
    'tag', 'Label',
    'width', 10
]);
function renderTemplate() {
    const viewModel = this.viewModel;
    const state = this.state;
    renderer.beginRender(__nodeLayoutNodes);
    renderer.beginRender(__nodeLayout);
    renderer.beginRender(__nodeLayout2);
    renderer.beginRender(__nodeView);
    renderer.setAttribute('ref', this.elementRefs['outer']);
    renderer.beginRender(__nodeLabel);
    renderer.setAttribute('ref', this.elementRefs['inner']);
    renderer.endRender();
    renderer.endRender();
    renderer.endRender();
    renderer.beginRender(__nodeView2);
    renderer.setAttribute('ref', this.elementRefs['lonely']);
    renderer.endRender();
    renderer.beginRender(__nodeLayout3);
    renderer.beginRender(__nodeLabel2);
    renderer.setAttribute('ref', this.elementRefs['innerLayout']);
    renderer.endRender();
    renderer.endRender();
    renderer.endRender();
    renderer.endRender();
}
class LayoutNodesComponent extends Valdi_1.LegacyVueComponent {
}
exports.ComponentClass = LayoutNodesComponent;
const elements = ['inner', 'innerLayout', 'lonely', 'outer'];
Valdi_1.LegacyVueComponent.setup(exports.ComponentClass, elements, renderTemplate);
