module.path = "test/src/LayoutHeaderContentFooter";
"use strict";
Object.defineProperty(exports, "__esModule", { value: true });
exports.LayoutHeaderContentFooter = void 0;
const __Renderer = require('valdi_core/src/JSX').jsx;
const __nodeView1 = __Renderer.makeNodePrototype('view', ['flexDirection', "column"]);
const __nodeView2 = __Renderer.makeNodePrototype('view', ['id', "header", 'height', 60]);
const __nodeView3 = __Renderer.makeNodePrototype('view', ['id', "content", 'flexGrow', 1]);
const __nodeView4 = __Renderer.makeNodePrototype('view', ['id', "footer", 'height', 40]);
const Component_1 = require("valdi_core/src/Component");
class LayoutHeaderContentFooter extends Component_1.Component {
    onRender() {
        __Renderer.beginRender(__nodeView1, undefined);
        __Renderer.beginRender(__nodeView2, undefined);
        __Renderer.endRender();
        __Renderer.beginRender(__nodeView3, undefined);
        __Renderer.endRender();
        __Renderer.beginRender(__nodeView4, undefined);
        __Renderer.endRender();
        __Renderer.endRender();
    }
}
exports.LayoutHeaderContentFooter = LayoutHeaderContentFooter;
