module.path = "test/src/LayoutFlexInteraction";
"use strict";
Object.defineProperty(exports, "__esModule", { value: true });
exports.LayoutFlexInteraction = void 0;
const __Renderer = require('valdi_core/src/JSX').jsx;
const __nodeView1 = __Renderer.makeNodePrototype('view', ['flexDirection', "row"]);
const __nodeView2 = __Renderer.makeNodePrototype('view', ['id', "fixed", 'width', 80, 'flexShrink', 0]);
const __nodeView3 = __Renderer.makeNodePrototype('view', ['id', "flexible", 'flexGrow', 1, 'flexShrink', 1, 'flexBasis', 200]);
const __nodeView4 = __Renderer.makeNodePrototype('view', ['id', "capped", 'flexGrow', 1, 'maxWidth', 120]);
const Component_1 = require("valdi_core/src/Component");
class LayoutFlexInteraction extends Component_1.Component {
    onRender() {
        __Renderer.beginRender(__nodeView1, undefined);
        __Renderer.beginRender(__nodeView2, undefined);
        __Renderer.endRender();
        __Renderer.beginRender(__nodeView3, undefined);
        __Renderer.endRender();
        __Renderer.beginRender(__nodeView4, undefined);
        __Renderer.endRender();
        __Renderer.endRender();
    }
}
exports.LayoutFlexInteraction = LayoutFlexInteraction;
