module.path = "test/src/LimitToViewportChildren.vue.generated";
"use strict";
Object.defineProperty(exports, "__esModule", { value: true });
exports.ComponentClass = void 0;
const Valdi_1 = require("valdi_core/src/Valdi");
const JSX = require("valdi_core/src/JSX");
const renderer = JSX.jsx;
const CSSModule_1 = require("valdi_core/src/CSSModule");
const __cssDocument = (0, CSSModule_1.getNativeModule)('test/src/LimitToViewportChildren.vue.valdicss');
const __nodeLimitToViewportChildren = renderer.makeNodePrototype('view', [
    'cssDocument', __cssDocument,
    'flexDirection', 'column',
    'overflow', 'scroll',
    'tag', 'LimitToViewportChildren'
]);
const __nodeView = renderer.makeNodePrototype('view', [
    'cssDocument', __cssDocument,
    'height', 100,
    'id', 'container',
    'tag', 'View',
    'width', 100
]);
const __nodeView2 = renderer.makeNodePrototype('view', [
    'cssDocument', __cssDocument,
    'height', 50,
    'id', 'parent',
    'tag', 'View',
    'width', 50
]);
const __nodeView3 = renderer.makeNodePrototype('view', [
    'cssDocument', __cssDocument,
    'height', 10,
    'id', 'child',
    'limitToViewport', 'true',
    'tag', 'View',
    'width', 10
]);
function renderTemplate() {
    const viewModel = this.viewModel;
    const state = this.state;
    renderer.beginRender(__nodeLimitToViewportChildren);
    let __indexContainer = 0;
    for (const entry of viewModel.entries) {
        const __key = (__indexContainer).toString();
        renderer.beginRender(__nodeView, __key);
        renderer.setAttribute('ref', this.elementRefs['container']);
        renderer.beginRender(__nodeView2);
        renderer.setAttribute('ref', this.elementRefs['parent']);
        renderer.beginRender(__nodeView3);
        renderer.setAttribute('ref', this.elementRefs['child']);
        renderer.endRender();
        renderer.endRender();
        renderer.endRender();
        __indexContainer += 1;
    }
    renderer.endRender();
}
class LimitToViewportChildrenComponent extends Valdi_1.LegacyVueComponent {
}
exports.ComponentClass = LimitToViewportChildrenComponent;
const elements = ['child', 'container', 'parent'];
Valdi_1.LegacyVueComponent.setup(exports.ComponentClass, elements, renderTemplate);
