module.path = "test/src/LoadFile";
"use strict";
Object.defineProperty(exports, "__esModule", { value: true });
exports.loadFromBytes = exports.loadFromString = void 0;
const Valdi_1 = require("valdi_core/src/Valdi");
const Uint8ArrayUtils_1 = require("coreutils/src/Uint8ArrayUtils");
function loadFromString() {
    const str = (0, Valdi_1.getModuleFileEntryAsString)('test', 'src/test_json.json');
    return JSON.parse(str);
}
exports.loadFromString = loadFromString;
function loadFromBytes() {
    const bytes = (0, Valdi_1.getModuleFileEntryAsBytes)('test', 'src/test_json.json');
    const str = (0, Uint8ArrayUtils_1.arrayToString)(bytes);
    return JSON.parse(str);
}
exports.loadFromBytes = loadFromBytes;
