module.path = "test/src/ModulePreload";
"use strict";
Object.defineProperty(exports, "__esModule", { value: true });
exports.ModulePreload = void 0;
const __Renderer = require('valdi_core/src/JSX').jsx;
const __nodeView1 = __Renderer.makeNodePrototype('view');
const Component_1 = require("valdi_core/src/Component");
class ModulePreload extends Component_1.Component {
    onRender() {
        __Renderer.beginRender(__nodeView1, undefined);
        __Renderer.endRender();
    }
}
exports.ModulePreload = ModulePreload;
