module.path = "test/src/RenderIfChildDocument.vue.generated";
"use strict";
Object.defineProperty(exports, "__esModule", { value: true });
exports.ComponentClass = void 0;
const Valdi_1 = require("valdi_core/src/Valdi");
const JSX = require("valdi_core/src/JSX");
const renderer = JSX.jsx;
const CSSModule_1 = require("valdi_core/src/CSSModule");
const BasicViewTree = require("test/src/BasicViewTree.vue.generated");
const __cssDocument = (0, CSSModule_1.getNativeModule)('test/src/RenderIfChildDocument.vue.valdicss');
const __nodeRenderIfChildDocument = renderer.makeNodePrototype('view', [
    'cssDocument', __cssDocument,
    'tag', 'RenderIfChildDocument'
]);
const __nodeView = renderer.makeNodePrototype('view', [
    'cssDocument', __cssDocument,
    'id', 'childContainer',
    'tag', 'View'
]);
function renderTemplate() {
    const viewModel = this.viewModel;
    const state = this.state;
    renderer.beginRender(__nodeRenderIfChildDocument);
    const __renderIfResultChildContainer = !(!(viewModel.renderChild));
    if (__renderIfResultChildContainer) {
        renderer.beginRender(__nodeView);
        renderer.setAttribute('ref', this.elementRefs['childContainer']);
        renderer.beginComponentWithoutPrototype(BasicViewTree.ComponentClass, undefined, undefined);
        renderer.setInjectedAttribute('$cssDocument', __cssDocument);
        renderer.setInjectedAttribute('$tag', 'BasicViewTree');
        renderer.endComponent();
        renderer.endRender();
    }
    renderer.endRender();
}
class RenderIfChildDocumentComponent extends Valdi_1.LegacyVueComponent {
}
exports.ComponentClass = RenderIfChildDocumentComponent;
const elements = ['childContainer'];
Valdi_1.LegacyVueComponent.setup(exports.ComponentClass, elements, renderTemplate);
