module.path = "test/src/RTLScrollView.vue.generated";
"use strict";
Object.defineProperty(exports, "__esModule", { value: true });
exports.ComponentClass = void 0;
const Valdi_1 = require("valdi_core/src/Valdi");
const JSX = require("valdi_core/src/JSX");
const renderer = JSX.jsx;
const CSSModule_1 = require("valdi_core/src/CSSModule");
const __cssDocument = (0, CSSModule_1.getNativeModule)('test/src/RTLScrollView.vue.valdicss');
const __nodeRTLScrollView = renderer.makeNodePrototype('view', [
    'cssDocument', __cssDocument,
    'tag', 'RTLScrollView'
]);
const __nodeScrollView = renderer.makeNodePrototype('scroll', [
    'cssDocument', __cssDocument,
    'flexDirection', 'row',
    'height', 10,
    'id', 'container',
    'overflow', 'scroll',
    'paddingLeft', 1,
    'paddingRight', 2,
    'tag', 'ScrollView',
    'width', 10
]);
const __nodeView = renderer.makeNodePrototype('view', [
    'cssDocument', __cssDocument,
    'height', 10,
    'id', 'entries',
    'marginLeft', 3,
    'marginRight', 4,
    'tag', 'View',
    'width', 10
]);
function renderTemplate() {
    const viewModel = this.viewModel;
    const state = this.state;
    renderer.beginRender(__nodeRTLScrollView);
    renderer.beginRender(__nodeScrollView);
    renderer.setAttribute('ref', this.elementRefs['container']);
    let __indexEntries = 0;
    for (const entry of viewModel.entries) {
        const __key = (__indexEntries).toString();
        renderer.beginRender(__nodeView, __key);
        renderer.setAttribute('customTag', entry);
        renderer.setAttribute('ref', this.elementRefs['entries']);
        renderer.endRender();
        __indexEntries += 1;
    }
    renderer.endRender();
    renderer.endRender();
}
class RTLScrollViewComponent extends Valdi_1.LegacyVueComponent {
}
exports.ComponentClass = RTLScrollViewComponent;
const elements = ['container', 'entries'];
Valdi_1.LegacyVueComponent.setup(exports.ComponentClass, elements, renderTemplate);
