module.path = "test/src/ScaleTransformViewport";
"use strict";
Object.defineProperty(exports, "__esModule", { value: true });
exports.ScaleTransformViewport = void 0;
const __Renderer = require('valdi_core/src/JSX').jsx;
const __nodeView1 = __Renderer.makeNodePrototype('view', ['width', 100, 'height', 100]);
const __nodeView2 = __Renderer.makeNodePrototype('view', ['width', 100, 'height', 200]);
const __nodeView3 = __Renderer.makeNodePrototype('view', ['width', 100, 'height', 150]);
const __nodeView4 = __Renderer.makeNodePrototype('view', ['id', "bottom-child", 'width', 100, 'height', 50]);
const Component_1 = require("valdi_core/src/Component");
class ScaleTransformViewport extends Component_1.Component {
    onRender() {
        __Renderer.beginRender(__nodeView1, undefined);
        __Renderer.beginRender(__nodeView2, undefined);
        __Renderer.setAttributeNumber('scaleY', this.viewModel.scaleY);
        __Renderer.beginRender(__nodeView3, undefined);
        __Renderer.endRender();
        __Renderer.beginRender(__nodeView4, undefined);
        __Renderer.endRender();
        __Renderer.endRender();
        __Renderer.endRender();
    }
}
exports.ScaleTransformViewport = ScaleTransformViewport;
