module.path = "test/src/ViewModelAtInitChild.vue.generated";
"use strict";
Object.defineProperty(exports, "__esModule", { value: true });
exports.ComponentClass = void 0;
const Valdi_1 = require("valdi_core/src/Valdi");
const JSX = require("valdi_core/src/JSX");
const renderer = JSX.jsx;
const ViewModelAtInitChild_vue_1 = require("./ViewModelAtInitChild.vue.js");
const CSSModule_1 = require("valdi_core/src/CSSModule");
const __cssDocument = (0, CSSModule_1.getNativeModule)('test/src/ViewModelAtInitChild.vue.valdicss');
const __nodeViewModelAtInitChild = renderer.makeNodePrototype('layout', [
    'cssDocument', __cssDocument,
    'tag', 'ViewModelAtInitChild'
]);
function renderTemplate() {
    const viewModel = this.viewModel;
    const state = this.state;
    renderer.beginRender(__nodeViewModelAtInitChild);
    renderer.endRender();
}
exports.ComponentClass = ViewModelAtInitChild_vue_1.ViewModelAtInitChild;
const elements = [];
Valdi_1.LegacyVueComponent.setup(exports.ComponentClass, elements, renderTemplate);
